// Jest Snapshot v1, https://goo.gl/fbAQLP

exports[`<Form /> Should be rendered 1`] = `ShallowWrapper {}`;
